,flag_names,flag_values,measus
0,"['scalemax', 'scalemin']","['23.1', '-3.0']",[]
1,[],[],"['3', '5']"
2,[],[],"['7', '9', '10', '11', '12', '13', '14', '15']"
3,[],[],"['19', '21', '22', '23', '24', '25', '26', '27']"
